exports[`Button-3 1`] = `
<button>
  Hello ðŸŽ…
</button>
`;
