exports[`Button-1 1`] = `
<button>
  Helloâš›
</button>
`;
