exports[`Button-0 1`] = `
<button>
  Hello âš›
   a
</button>
`;
